******************************************************************************
                  TI ARM Linker PC v20.2.5                     
******************************************************************************
>> Linked Sun Aug 27 11:19:52 2023

OUTPUT FILE NAME:   <Stopwatch.out>
ENTRY POINT SYMBOL: "_c_int00_noargs"  address: 000018f5


MEMORY CONFIGURATION

         name            origin    length      used     unused   attr    fill
----------------------  --------  ---------  --------  --------  ----  --------
  FLASH                 00000000   00040000  00001976  0003e68a  R  X
  SRAM                  20000000   00008000  0000022c  00007dd4  RW X


SEGMENT ALLOCATION MAP

run origin  load origin   length   init length attrs members
----------  ----------- ---------- ----------- ----- -------
00000000    00000000    00001978   00001978    r-x
  00000000    00000000    0000026c   0000026c    r-- .intvecs
  0000026c    0000026c    000016ea   000016ea    r-x .text
  00001958    00001958    00000020   00000020    r-- .cinit
20000000    20000000    0000022c   00000000    rw-
  20000000    20000000    00000200   00000000    rw- .stack
  20000200    20000200    0000002c   00000000    rw- .data


SECTION ALLOCATION MAP

 output                                  attributes/
section   page    origin      length       input sections
--------  ----  ----------  ----------   ----------------
.intvecs   0    00000000    0000026c     
                  00000000    0000026c     tm4c123gh6pm_startup_ccs.obj (.intvecs)

.text      0    0000026c    000016ea     
                  0000026c    00000728     gpio.obj (.text)
                  00000994    0000065c     EXT_interrupt.obj (.text)
                  00000ff0    0000032c     lcd.obj (.text)
                  0000131c    000002c0     stopwatch.obj (.text)
                  000015dc    000000dc     util.obj (.text)
                  000016b8    000000b4     systick.obj (.text)
                  0000176c    0000009c     rtsv7M4_T_le_v4SPD16_eabi.lib : memcpy_t2.asm.obj (.text)
                  00001808    00000068                                   : copy_decompress_lzss.c.obj (.text:decompress:lzss:__TI_decompress_lzss)
                  00001870    00000044                                   : autoinit.c.obj (.text:__TI_auto_init_nobinit_nopinit:__TI_auto_init_nobinit_nopinit)
                  000018b4    00000040     SW_Timer.obj (.text)
                  000018f4    00000034     rtsv7M4_T_le_v4SPD16_eabi.lib : boot_cortex_m.c.obj (.text:_c_int00_noargs:_c_int00_noargs)
                  00001928    0000000e                                   : copy_decompress_none.c.obj (.text:decompress:none:__TI_decompress_none)
                  00001936    0000000c     main.obj (.text)
                  00001942    0000000c     tm4c123gh6pm_startup_ccs.obj (.text)
                  0000194e    00000004     rtsv7M4_T_le_v4SPD16_eabi.lib : pre_init.c.obj (.text:_system_pre_init)
                  00001952    00000004                                   : exit.c.obj (.text:abort:abort)

.cinit     0    00001958    00000020     
                  00001958    0000000d     (.cinit..data.load) [load image, compression = lzss]
                  00001965    00000003     --HOLE-- [fill = 0]
                  00001968    00000008     (__TI_handler_table)
                  00001970    00000008     (__TI_cinit_table)

.init_array 
*          0    00000000    00000000     UNINITIALIZED

.data      0    20000200    0000002c     UNINITIALIZED
                  20000200    00000018     stopwatch.obj (.data:tmr$1)
                  20000218    00000008     stopwatch.obj (.data:config)
                  20000220    00000006     stopwatch.obj (.data)
                  20000226    00000002     --HOLE--
                  20000228    00000004     systick.obj (.data)

.stack     0    20000000    00000200     UNINITIALIZED
                  20000000    00000004     rtsv7M4_T_le_v4SPD16_eabi.lib : boot_cortex_m.c.obj (.stack)
                  20000004    000001fc     --HOLE--

__llvm_prf_cnts 
*          0    20000000    00000000     UNINITIALIZED

MODULE SUMMARY

       Module                         code   ro data   rw data
       ------                         ----   -------   -------
    .\
       tm4c123gh6pm_startup_ccs.obj   12     620       0      
       main.obj                       12     0         0      
    +--+------------------------------+------+---------+---------+
       Total:                         24     620       0      
                                                              
    .\APP\
       stopwatch.obj                  704    0         38     
    +--+------------------------------+------+---------+---------+
       Total:                         704    0         38     
                                                              
    .\HAL\
       lcd.obj                        812    0         0      
    +--+------------------------------+------+---------+---------+
       Total:                         812    0         0      
                                                              
    .\MCAL\
       gpio.obj                       1832   0         0      
       EXT_interrupt.obj              1628   0         0      
       systick.obj                    180    0         4      
    +--+------------------------------+------+---------+---------+
       Total:                         3640   0         4      
                                                              
    .\Service\
       util.obj                       220    0         0      
       SW_Timer.obj                   64     0         0      
    +--+------------------------------+------+---------+---------+
       Total:                         284    0         0      
                                                              
    C:\ti\ccs1120\ccs\tools\compiler\ti-cgt-arm_20.2.5.LTS\lib\rtsv7M4_T_le_v4SPD16_eabi.lib
       memcpy_t2.asm.obj              156    0         0      
       copy_decompress_lzss.c.obj     104    0         0      
       autoinit.c.obj                 68     0         0      
       boot_cortex_m.c.obj            52     0         0      
       copy_decompress_none.c.obj     14     0         0      
       exit.c.obj                     4      0         0      
       pre_init.c.obj                 4      0         0      
    +--+------------------------------+------+---------+---------+
       Total:                         402    0         0      
                                                              
       Stack:                         0      0         512    
       Linker Generated:              0      29        0      
    +--+------------------------------+------+---------+---------+
       Grand Total:                   5866   649       554    


LINKER GENERATED COPY TABLES

__TI_cinit_table @ 00001970 records: 1, size/record: 8, table size: 8
	.data: load addr=00001958, load size=0000000d bytes, run addr=20000200, run size=0000002c bytes, compression=lzss


LINKER GENERATED HANDLER TABLE

__TI_handler_table @ 00001968 records: 2, size/record: 4, table size: 8
	index: 0, handler: __TI_decompress_lzss
	index: 1, handler: __TI_decompress_none


GLOBAL SYMBOLS: SORTED ALPHABETICALLY BY Name 

address   name                          
-------   ----                          
00001953  C$$EXIT                       
00000ec9  EXT_BitHandler                
00000e19  EXT_ClearBitHandler           
00000995  EXT_INT_Config                
00001565  EXT_PORTFHandler              
20000224  EXT_flag                      
20000225  EXT_flag_2                    
0000026d  GPIO_Init                     
00000699  GPIO_readPin                  
000008d1  GPIO_readPort                 
000002ad  GPIO_setupPinDirection        
000007b1  GPIO_setupPortDirection       
00000515  GPIO_writePin                 
00000849  GPIO_writePort                
00001313  LCD_clearScreen               
00001159  LCD_displayCharacter          
0000124b  LCD_displayString             
000012d9  LCD_displayStringRowColumn    
00000ff1  LCD_init                      
000012f9  LCD_intgerToString            
0000127b  LCD_moveCursor                
00001067  LCD_sendCommand               
00001943  ResetISR                      
000018b5  SWT_delay                     
0000131d  Second_count                  
0000172d  Systick_deinit                
000016ef  Systick_init                  
00001735  Systick_setCallBack           
20000200  __STACK_END                   
00000200  __STACK_SIZE                  
20000200  __STACK_TOP                   
00001970  __TI_CINIT_Base               
00001978  __TI_CINIT_Limit              
00001968  __TI_Handler_Table_Base       
00001970  __TI_Handler_Table_Limit      
00001871  __TI_auto_init_nobinit_nopinit
00001809  __TI_decompress_lzss          
00001929  __TI_decompress_none          
ffffffff  __TI_pprof_out_hndl           
ffffffff  __TI_prof_data_size           
ffffffff  __TI_prof_data_start          
00000000  __TI_static_base__            
0000176d  __aeabi_memcpy                
0000176d  __aeabi_memcpy4               
0000176d  __aeabi_memcpy8               
ffffffff  __binit__                     
ffffffff  __c_args__                    
UNDEFED   __mpu_init                    
20000000  __stack                       
20000000  __start___llvm_prf_cnts       
20000000  __stop___llvm_prf_cnts        
000018f5  _c_int00_noargs               
000016b9  _delay_ms                     
UNDEFED   _system_post_cinit            
0000194f  _system_pre_init              
00001953  abort                         
ffffffff  binit                         
20000218  config                        
00000000  g_pfnVectors                  
000015dd  itoa                          
00001937  main                          
0000176d  memcpy                        
00001663  reverse                       
00001373  stopwatch_ON                  
00001327  stopwatch_init                
0000163f  strlen                        
00001745  systick_Handler               


GLOBAL SYMBOLS: SORTED BY Symbol Address 

address   name                          
-------   ----                          
00000000  __TI_static_base__            
00000000  g_pfnVectors                  
00000200  __STACK_SIZE                  
0000026d  GPIO_Init                     
000002ad  GPIO_setupPinDirection        
00000515  GPIO_writePin                 
00000699  GPIO_readPin                  
000007b1  GPIO_setupPortDirection       
00000849  GPIO_writePort                
000008d1  GPIO_readPort                 
00000995  EXT_INT_Config                
00000e19  EXT_ClearBitHandler           
00000ec9  EXT_BitHandler                
00000ff1  LCD_init                      
00001067  LCD_sendCommand               
00001159  LCD_displayCharacter          
0000124b  LCD_displayString             
0000127b  LCD_moveCursor                
000012d9  LCD_displayStringRowColumn    
000012f9  LCD_intgerToString            
00001313  LCD_clearScreen               
0000131d  Second_count                  
00001327  stopwatch_init                
00001373  stopwatch_ON                  
00001565  EXT_PORTFHandler              
000015dd  itoa                          
0000163f  strlen                        
00001663  reverse                       
000016b9  _delay_ms                     
000016ef  Systick_init                  
0000172d  Systick_deinit                
00001735  Systick_setCallBack           
00001745  systick_Handler               
0000176d  __aeabi_memcpy                
0000176d  __aeabi_memcpy4               
0000176d  __aeabi_memcpy8               
0000176d  memcpy                        
00001809  __TI_decompress_lzss          
00001871  __TI_auto_init_nobinit_nopinit
000018b5  SWT_delay                     
000018f5  _c_int00_noargs               
00001929  __TI_decompress_none          
00001937  main                          
00001943  ResetISR                      
0000194f  _system_pre_init              
00001953  C$$EXIT                       
00001953  abort                         
00001968  __TI_Handler_Table_Base       
00001970  __TI_CINIT_Base               
00001970  __TI_Handler_Table_Limit      
00001978  __TI_CINIT_Limit              
20000000  __stack                       
20000000  __start___llvm_prf_cnts       
20000000  __stop___llvm_prf_cnts        
20000200  __STACK_END                   
20000200  __STACK_TOP                   
20000218  config                        
20000224  EXT_flag                      
20000225  EXT_flag_2                    
ffffffff  __TI_pprof_out_hndl           
ffffffff  __TI_prof_data_size           
ffffffff  __TI_prof_data_start          
ffffffff  __binit__                     
ffffffff  __c_args__                    
ffffffff  binit                         
UNDEFED   __mpu_init                    
UNDEFED   _system_post_cinit            

[67 symbols]
